<testsuites id="" name="" tests="1" failures="0" skipped="0" errors="0" time="9.071157999992371">
<testsuite name="yuzurune.spec.ts" timestamp="2023-06-22T13:35:16.097Z" hostname="chromium" tests="1" failures="0" skipped="0" time="8.181" errors="0">
<testcase name="ゆずるね宣言する" classname="yuzurune.spec.ts" time="8.181">
</testcase>
</testsuite>
</testsuites>